
> bright-audio-app@0.1.0 electron:build
> next build && tsc --project tsconfig.electron.json && npm run copy:sql && electron-builder --publish never

   Γû▓ Next.js 15.5.8
   - Environments: .env.local
   - Experiments (use with caution):
     Γ£ô optimizeCss
     ┬╖ optimizePackageImports

   Creating an optimized production build ...
 Γ£ô Compiled successfully in 21.5s
   Skipping validation of types
   Skipping linting
   Collecting page data ...
   Generating static pages (0/143) ...
   Generating static pages (35/143) 
   Generating static pages (71/143) 
   Generating static pages (107/143) 
 Γ£ô Generating static pages (143/143)
   Finalizing page optimization ...
   Collecting build traces ...

Route (app)                                      Size  First Load JS  Revalidate  Expire
Γöî ╞Æ /                                           162 B         771 kB
Γö£ Γùï /_not-found                                 193 B         771 kB          1h      1y
Γö£ Γùï /admin/upgrade-license                    1.62 kB         813 kB          1h      1y
Γö£ ╞Æ /api/admin/upgrade-license                  121 B         771 kB
Γö£ ╞Æ /api/ai/research-speakers                   121 B         771 kB
Γö£ ╞Æ /api/amortization                           121 B         771 kB
Γö£ ╞Æ /api/barcode                                121 B         771 kB
Γö£ ╞Æ /api/campaigns/send                         121 B         771 kB
Γö£ ╞Æ /api/chat                                   120 B         771 kB
Γö£ ╞Æ /api/chat-widget                            121 B         771 kB
Γö£ ╞Æ /api/chat/autopilot-response                121 B         771 kB
Γö£ ╞Æ /api/chat/conversations                     121 B         771 kB
Γö£ ╞Æ /api/chat/send                              121 B         771 kB
Γö£ ╞Æ /api/financing/process-payment              121 B         771 kB
Γö£ ╞Æ /api/financing/process-payment-stripe       121 B         771 kB
Γö£ ╞Æ /api/financing/send-application-sms         121 B         771 kB
Γö£ ╞Æ /api/financing/send-reminder                121 B         771 kB
Γö£ ╞Æ /api/financing/setup-payment                121 B         771 kB
Γö£ ╞Æ /api/inventory/[id]                         121 B         771 kB
Γö£ ╞Æ /api/inventory/price-search                 121 B         771 kB
Γö£ ╞Æ /api/inventory/rig-scan                     120 B         771 kB
Γö£ ╞Æ /api/inventory/search-images                121 B         771 kB
Γö£ ╞Æ /api/inventory/search-values                121 B         771 kB
Γö£ ╞Æ /api/inventory/set-speaker-rates            121 B         771 kB
Γö£ ╞Æ /api/inventory/update-values                121 B         771 kB
Γö£ ╞Æ /api/jobs                                   121 B         771 kB
Γö£ ╞Æ /api/leads/audio-gigs-search                121 B         771 kB
Γö£ ╞Æ /api/leads/auto-search                      121 B         771 kB
Γö£ ╞Æ /api/leads/auto-search/diagnostic           121 B         771 kB
Γö£ ╞Æ /api/leads/auto-search/google-test          120 B         771 kB
Γö£ ╞Æ /api/leads/auto-search/setup                120 B         771 kB
Γö£ ╞Æ /api/leads/auto-search/test                 121 B         771 kB
Γö£ ╞Æ /api/leads/chatgpt-search                   121 B         771 kB
Γö£ ╞Æ /api/leads/enhanced-search                  121 B         771 kB
Γö£ ╞Æ /api/leads/generate-email                   121 B         771 kB
Γö£ ╞Æ /api/leads/import-csv                       121 B         771 kB
Γö£ ╞Æ /api/leads/mock-search                      121 B         771 kB
Γö£ ╞Æ /api/leads/score                            121 B         771 kB
Γö£ ╞Æ /api/leads/scrape                           121 B         771 kB
Γö£ ╞Æ /api/leads/search-google                    121 B         771 kB
Γö£ ╞Æ /api/leads/send-email                       121 B         771 kB
Γö£ ╞Æ /api/leads/smart-discovery                  121 B         771 kB
Γö£ ╞Æ /api/lease-application-widget               121 B         771 kB
Γö£ ╞Æ /api/lease-application/submit               121 B         771 kB
Γö£ ╞Æ /api/license/verify                         121 B         771 kB
Γö£ ╞Æ /api/mobile/applications                    121 B         771 kB
Γö£ ╞Æ /api/mobile/calculator                      121 B         771 kB
Γö£ ╞Æ /api/mobile/clients                         121 B         771 kB
Γö£ ╞Æ /api/mobile/equipment                       121 B         771 kB
Γö£ ╞Æ /api/mobile/payments                        121 B         771 kB
Γö£ ╞Æ /api/pullsheet                              121 B         771 kB
Γö£ ╞Æ /api/pullsheet-test                         121 B         771 kB
Γö£ ╞Æ /api/scan-direction                         121 B         771 kB
Γö£ ╞Æ /api/sendgrid/send                          120 B         771 kB
Γö£ ╞Æ /api/stripe/webhook                         121 B         771 kB
Γö£ ╞Æ /api/sync/changes                           121 B         771 kB
Γö£ ╞Æ /api/test-jobs                              121 B         771 kB
Γö£ ╞Æ /api/test/check-quests-table                121 B         771 kB
Γö£ ╞Æ /api/test/create-quests-table               121 B         771 kB
Γö£ ╞Æ /api/test/event-logging                     121 B         771 kB
Γö£ ╞Æ /api/test/upgrade-enterprise                121 B         771 kB
Γö£ ╞Æ /api/v1/auth                                121 B         771 kB
Γö£ ╞Æ /api/v1/availability                        121 B         771 kB
Γö£ ╞Æ /api/v1/available-jobs                      121 B         771 kB
Γö£ ╞Æ /api/v1/clients                             121 B         771 kB
Γö£ ╞Æ /api/v1/inventory                           121 B         771 kB
Γö£ ╞Æ /api/v1/job-assignments                     121 B         771 kB
Γö£ ╞Æ /api/v1/jobs                                121 B         771 kB
Γö£ ╞Æ /api/v1/pullsheets                          121 B         771 kB
Γö£ ╞Æ /api/v1/pullsheets/[id]/items               121 B         771 kB
Γö£ ╞Æ /api/v1/tokens/check-balance                121 B         771 kB
Γö£ ╞Æ /api/v1/tokens/stats                        121 B         771 kB
Γö£ ╞Æ /api/v1/warehouses                          121 B         771 kB
Γö£ ╞Æ /app                                        121 B         771 kB
Γö£ ╞Æ /app/archive                                121 B         771 kB
Γö£ ╞Æ /app/archive/jobs                         2.35 kB         814 kB
Γö£ ╞Æ /app/archive/parts                        2.81 kB         815 kB
Γö£ ╞Æ /app/clients                               4.5 kB         816 kB
Γö£ ╞Æ /app/clients/new                          1.52 kB         813 kB
Γö£ ╞Æ /app/crew                                 2.15 kB         814 kB
Γö£ ╞Æ /app/crew/[id]                            1.82 kB         814 kB
Γö£ ╞Æ /app/crew/portal                          2.88 kB         815 kB
Γö£ ╞Æ /app/dashboard                            7.34 kB         819 kB
Γö£ ╞Æ /app/dashboard/calendar                   2.96 kB         815 kB
Γö£ ╞Æ /app/dashboard/leads                      7.95 kB         828 kB
Γö£ ╞Æ /app/dashboard/leads/[id]                 2.58 kB         814 kB
Γö£ ╞Æ /app/dashboard/leads/archived             2.04 kB         814 kB
Γö£ ╞Æ /app/dashboard/leads/campaigns            2.72 kB         823 kB
Γö£ ╞Æ /app/dashboard/leads/chat                  2.6 kB         823 kB
Γö£ ╞Æ /app/dashboard/leads/converted            1.99 kB         814 kB
Γö£ ╞Æ /app/dashboard/leads/financing            27.2 kB         847 kB
Γö£ ╞Æ /app/dashboard/leads/imported             4.94 kB         817 kB
Γö£ ╞Æ /app/dashboard/leads/interested            4.2 kB         816 kB
Γö£ ╞Æ /app/dashboard/leads/pipeline              1.8 kB         814 kB
Γö£ ╞Æ /app/dashboard/leads/security-guide       2.78 kB         782 kB
Γö£ ╞Æ /app/dashboard/leads/settings             4.93 kB         825 kB
Γö£ ╞Æ /app/dashboard/leads/strategies           5.51 kB         817 kB
Γö£ ╞Æ /app/dashboard/leads/training             4.62 kB         784 kB
Γö£ ╞Æ /app/debug                                 1.2 kB         813 kB
Γö£ ╞Æ /app/debug/schema-test                    1.64 kB         813 kB
Γö£ ╞Æ /app/financial                              289 B         771 kB
Γö£ ╞Æ /app/help                                 2.07 kB         773 kB
Γö£ ╞Æ /app/inventory                            7.18 kB         819 kB
Γö£ ╞Æ /app/inventory/[id]                       7.24 kB         819 kB
Γö£ ╞Æ /app/inventory/archived                   3.68 kB         815 kB
Γö£ ╞Æ /app/inventory/labels                     1.07 kB         813 kB
Γö£ ╞Æ /app/inventory/locations                  3.64 kB         815 kB
Γö£ ╞Æ /app/inventory/new                        3.73 kB         816 kB
Γö£ ╞Æ /app/inventory/rigs                       1.96 kB         814 kB
Γö£ ╞Æ /app/inventory/rigs/[id]                  2.98 kB         815 kB
Γö£ ╞Æ /app/inventory/speaker-rates              1.55 kB         813 kB
Γö£ ╞Æ /app/invoices                             1.64 kB         813 kB
Γö£ ╞Æ /app/jobs                                 5.22 kB         817 kB
Γö£ ╞Æ /app/jobs/[id]                            5.77 kB         818 kB
Γö£ ╞Æ /app/jobs/[id]/estimate                   5.39 kB         817 kB
Γö£ ╞Æ /app/jobs/new                               900 B         813 kB
Γö£ ╞Æ /app/notifications                        1.53 kB         813 kB
Γö£ ╞Æ /app/scan                                 3.56 kB         774 kB
Γö£ ╞Æ /app/settings/account                     7.89 kB         820 kB
Γö£ ╞Æ /app/settings/home-base                   1.04 kB         813 kB
Γö£ ╞Æ /app/settings/organization                2.34 kB         814 kB
Γö£ ╞Æ /app/settings/payments                    3.18 kB         823 kB
Γö£ ╞Æ /app/settings/profile                       501 B         771 kB
Γö£ ╞Æ /app/settings/training                    2.88 kB         823 kB
Γö£ ╞Æ /app/training                             2.17 kB         814 kB
Γö£ ╞Æ /app/training/manage                      4.09 kB         824 kB
Γö£ ╞Æ /app/training/new                         2.08 kB         814 kB
Γö£ ╞Æ /app/venues                                1.4 kB         813 kB
Γö£ ╞Æ /app/venues/[id]                          2.63 kB         814 kB
Γö£ ╞Æ /app/venues/new                           2.37 kB         814 kB
Γö£ ╞Æ /app/warehouse                              752 B         813 kB
Γö£ ╞Æ /app/warehouse/barcode-scanner            2.82 kB         815 kB
Γö£ ╞Æ /app/warehouse/financial                  3.71 kB         815 kB
Γö£ ╞Æ /app/warehouse/financial/goals            27.6 kB         839 kB
Γö£ ╞Æ /app/warehouse/financial/goals/saved      2.27 kB         814 kB
Γö£ ╞Æ /app/warehouse/fleet                      2.43 kB         814 kB
Γö£ ╞Æ /app/warehouse/jobs                       1.75 kB         814 kB
Γö£ ╞Æ /app/warehouse/jobs/[id]/prep-sheet       3.63 kB         815 kB
Γö£ ╞Æ /app/warehouse/jobs/[id]/return-manifest  7.04 kB         819 kB
Γö£ ╞Æ /app/warehouse/jobs/[id]/transports       1.51 kB         813 kB
Γö£ ╞Æ /app/warehouse/pull-sheets                4.04 kB         816 kB
Γö£ ╞Æ /app/warehouse/pull-sheets/[id]           9.61 kB         821 kB
Γö£ ╞Æ /app/warehouse/pull-sheets/create         3.89 kB         816 kB
Γö£ ╞Æ /app/warehouse/return-manifest            1.86 kB         814 kB
Γö£ ╞Æ /app/warehouse/returns                    1.86 kB         814 kB
Γö£ ╞Æ /app/warehouse/scan-in                    1.49 kB         813 kB
Γö£ ╞Æ /app/warehouse/scans                      2.12 kB         814 kB
Γö£ ╞Æ /app/warehouse/scheduled-crew             3.95 kB         816 kB
Γö£ ╞Æ /app/warehouse/shortages                  1.55 kB         813 kB
Γö£ ╞Æ /app/warehouse/speaker-designer           10.9 kB         823 kB
Γö£ ╞Æ /app/warehouse/transports                 3.26 kB         815 kB
Γö£ ╞Æ /auth/callback                              121 B         771 kB
Γö£ Γùï /auth/login                                 499 B         771 kB          1h      1y
Γö£ Γùï /auth/signup                              1.52 kB         813 kB          1h      1y
Γö£ Γùï /desktop-sync                             3.04 kB         774 kB          1h      1y
Γö£ Γùï /financing/apply                          2.63 kB         814 kB          1h      1y
Γö£ Γùï /inventory                                1.06 kB         813 kB          1h      1y
Γö£ Γùï /onboarding                               2.92 kB         815 kB          1h      1y
Γöö Γùï /test-join                                 1.6 kB         813 kB          1h      1y
+ First Load JS shared by all                  791 kB
  Γö£ chunks/common-29b719fa63e2b5da.js         17.9 kB
  Γö£ chunks/vendor-85d04317853532d2.js          751 kB
  Γö£ css/bc169afbd65e428a.css                  20.3 kB
  Γöö other shared chunks (total)               2.09 kB


╞Æ Middleware                                  79.5 kB

Γùï  (Static)   prerendered as static content
╞Æ  (Dynamic)  server-rendered on demand


> bright-audio-app@0.1.0 copy:sql
> node -e "require('fs').mkdirSync('dist/desktop/db', {recursive: true}); require('fs').copyFileSync('desktop/db/schema.sql', 'dist/desktop/db/schema.sql');"

  ΓÇó electron-builder  version=25.1.8 os=10.0.26200
  ΓÇó loaded configuration  file=package.json ("build" field)
  ΓÇó description is missed in the package.json  appPackageFile=C:\Users\Brigh\bright-audio-app\package.json
  ΓÇó author is missed in the package.json  appPackageFile=C:\Users\Brigh\bright-audio-app\package.json
  ΓÇó @electron/rebuild already used by electron-builder, please consider to remove excess dependency from devDependencies

To ensure your native dependencies are always matched electron version, simply add script `"postinstall": "electron-builder install-app-deps" to your `package.json`
  ΓÇó executing @electron/rebuild  electronVersion=30.5.1 arch=x64 buildFromSource=false appDir=./
  ΓÇó installing native dependencies  arch=x64
  ΓÇó preparing       moduleName=better-sqlite3 arch=x64
  ΓÇó finished        moduleName=better-sqlite3 arch=x64
  ΓÇó preparing       moduleName=isolated-vm arch=x64
  Γ¿» Error: Could not find any Visual Studio installation to use
    at VisualStudioFinder.fail (C:\Users\Brigh\bright-audio-app\node_modules\node-gyp\lib\find-visualstudio.js:122:47)
    at C:\Users\Brigh\bright-audio-app\node_modules\node-gyp\lib\find-visualstudio.js:75:16
    at VisualStudioFinder.findVisualStudio2013 (C:\Users\Brigh\bright-audio-app\node_modules\node-gyp\lib\find-visualstudio.js:380:14)
    at C:\Users\Brigh\bright-audio-app\node_modules\node-gyp\lib\find-visualstudio.js:71:14
    at VisualStudioFinder.findVisualStudio2015 (C:\Users\Brigh\bright-audio-app\node_modules\node-gyp\lib\find-visualstudio.js:364:14)
    at C:\Users\Brigh\bright-audio-app\node_modules\node-gyp\lib\find-visualstudio.js:67:12
    at VisualStudioFinder.parseData (C:\Users\Brigh\bright-audio-app\node_modules\node-gyp\lib\find-visualstudio.js:237:5)
    at C:\Users\Brigh\bright-audio-app\node_modules\node-gyp\lib\find-visualstudio.js:143:14
    at ChildProcess.exithandler (node:child_process:414:7)
    at ChildProcess.emit (node:events:524:28)
    at maybeClose (node:internal/child_process:1104:16)
    at ChildProcess._handle.onexit (node:internal/child_process:304:5)


  Γ¿» node-gyp failed to rebuild 'C:\Users\Brigh\bright-audio-app\node_modules\isolated-vm'  failedTask=build stackTrace=Error: node-gyp failed to rebuild 'C:\Users\Brigh\bright-audio-app\node_modules\isolated-vm'
    at ChildProcess.<anonymous> (C:\Users\Brigh\bright-audio-app\node_modules\@electron\rebuild\lib\module-type\node-gyp\node-gyp.js:121:24)
    at ChildProcess.emit (node:events:524:28)
    at ChildProcess._handle.onexit (node:internal/child_process:293:12)
